=== ARGOS LINKS TO LEDGER 2026-02-19T09:25:42Z ===
8c43532135c49135981657cc15254aaeed2f7f82
ops/argos_pager.py:15:  - Triple observation: git log + relay mailbox + desk leases/snapshots
ops/argos_pager.py:24:  heartbeat — update COWORK desk heartbeat
ops/argos_pager.py:25:  boot      — full COWORK boot protocol (lease + drain + snapshot)
ops/argos_pager.py:35:  python3 ops/argos_pager.py heartbeat
ops/argos_pager.py:59:LEASES_DIR = OFFICE_DIR / "leases"
ops/argos_pager.py:63:CHAIN_FILE = OFFICE_DIR / "relay_chain.jsonl"
ops/argos_pager.py:69:ARGOS_STATE_FILE = ARGOS_STATE_DIR / "watcher_state.json"
ops/argos_pager.py:84:FIRESTORE_BASE = f"https://firestore.googleapis.com/v1/projects/{FIRESTORE_PROJECT}/databases/(default)/documents"
ops/argos_pager.py:152:        "last_heartbeat": "",
ops/argos_pager.py:333:        info = {"desk": desk, "lease": None, "snapshot": None, "status": "UNKNOWN"}
ops/argos_pager.py:335:        # Check lease
ops/argos_pager.py:336:        lease_file = LEASES_DIR / f"{desk}.json"
ops/argos_pager.py:337:        if lease_file.exists():
ops/argos_pager.py:339:                lease = json.loads(lease_file.read_text())
ops/argos_pager.py:340:                info["lease"] = lease
ops/argos_pager.py:341:                expires = lease.get("expires_at", "")
ops/argos_pager.py:351:                info["lease_token"] = lease.get("lease_token", 0)
ops/argos_pager.py:352:                info["last_renewed"] = lease.get("renewed_at", "")
ops/argos_pager.py:412:        "lease_token_required": 0,
ops/argos_pager.py:441:    _write_firestore(envelope)
ops/argos_pager.py:444:    _chain_append("relay.enqueue", AGENT_ID,
ops/argos_pager.py:451:def _write_firestore(envelope: dict):
ops/argos_pager.py:485:        print(f"  [firestore] write failed (non-fatal): {e}")
ops/argos_pager.py:488:def _chain_append(event_type: str, actor: str, payload: dict) -> dict:
ops/argos_pager.py:525:def heartbeat():
ops/argos_pager.py:526:    """Update COWORK desk heartbeat (lease + Firestore + chain)."""
ops/argos_pager.py:527:    # Local lease
ops/argos_pager.py:529:    lease_file = LEASES_DIR / f"{AGENT_ID}.json"
ops/argos_pager.py:531:    if lease_file.exists():
ops/argos_pager.py:533:            prev = json.loads(lease_file.read_text())
ops/argos_pager.py:534:            prev_token = prev.get("lease_token", 0)
ops/argos_pager.py:540:    lease = {
ops/argos_pager.py:543:        "lease_token": prev_token + 1,
ops/argos_pager.py:550:    lease_file.write_text(json.dumps(lease, indent=2))
ops/argos_pager.py:552:    # Firestore heartbeat
ops/argos_pager.py:569:                "lease_token": {"integerValue": str(lease["lease_token"])},
ops/argos_pager.py:582:    _chain_append("heartbeat", AGENT_ID, {"lease_token": lease["lease_token"], "status": "ALIVE"})
ops/argos_pager.py:585:    state["last_heartbeat"] = now
ops/argos_pager.py:588:    print(f"[argos] Heartbeat: lease_token={lease['lease_token']}")
ops/argos_pager.py:589:    return lease
ops/argos_pager.py:613:    # Step 2: Heartbeat (acquires lease)
ops/argos_pager.py:614:    print(f"\n[2/5] Heartbeat + lease...")
ops/argos_pager.py:615:    lease = heartbeat()
ops/argos_pager.py:649:        "lease_token": lease["lease_token"],
ops/argos_pager.py:661:    _chain_append("boot.complete", AGENT_ID, {
ops/argos_pager.py:662:        "lease_token": lease["lease_token"],
ops/argos_pager.py:669:    print(f"  lease={lease['lease_token']} sha={current_sha[:8]} "
ops/argos_pager.py:812:        token = str(info.get("lease_token", "-"))
ops/argos_pager.py:862:        token = info.get("lease_token", "-")
ops/argos_pager.py:910:    print(f"  Monitoring: git, relay, inbox, desk leases")
ops/argos_pager.py:970:                print(f"[desk] ⚠ {desk_id} lease EXPIRED")
ops/argos_pager.py:976:            heartbeat()
ops/argos_pager.py:1045:    elif cmd == "heartbeat":
ops/argos_pager.py:1046:        heartbeat()
#!/usr/bin/env python3
"""
argos_pager.py — COWORK/Argos Observation Daemon.

The hundred-eyed watchman: continuous observation of all Rhea office
participants without relying on the human as intermediary.

Implements the COWORK desk's unique role: observation, aggregation,
and proactive alerting. Built on QWRR infrastructure (docs/qwrr-layer.md).

Architecture:
  - Reuses rex_pager.py relay infrastructure (envelope v1, mailbox, chain)
  - Adds: git monitoring, inbox scanning, status aggregation, alerts
  - Deployable as: host daemon, cron job, or Cowork scheduled shortcut
  - Triple observation: git log + relay mailbox + desk leases/snapshots

Modes:
  watch     — daemon: poll git + inbox + desks, alert on changes
  scan      — one-shot: scan everything, print report, exit
  inbox     — check and process COWORK inbox messages
  status    — show all-desks watchtower view
  report    — generate structured observation report (markdown)
  alert     — send alert to relay (any desk)
  heartbeat — update COWORK desk heartbeat
  boot      — full COWORK boot protocol (lease + drain + snapshot)

Usage:
  python3 ops/argos_pager.py watch                     # daemon mode
  python3 ops/argos_pager.py watch --interval 60       # custom poll interval
  python3 ops/argos_pager.py scan                      # one-shot scan
  python3 ops/argos_pager.py inbox                     # process inbox
  python3 ops/argos_pager.py status                    # watchtower view
  python3 ops/argos_pager.py report                    # generate report
  python3 ops/argos_pager.py alert B2 "P0: need review"
  python3 ops/argos_pager.py heartbeat
  python3 ops/argos_pager.py boot
"""
from __future__ import annotations

import hashlib
import json
import os
import subprocess
import sys
import time
from datetime import datetime, timezone, timedelta
from pathlib import Path
from typing import Optional

# ---------------------------------------------------------------------------
# Config
# ---------------------------------------------------------------------------

PROJECT_ROOT = Path(__file__).parent.parent
OPS_DIR = PROJECT_ROOT / "ops"
OFFICE_DIR = OPS_DIR / "virtual-office"
INBOX_DIR = OFFICE_DIR / "inbox"
OUTBOX_DIR = OFFICE_DIR / "outbox"
LEASES_DIR = OFFICE_DIR / "leases"
SNAPSHOTS_DIR = OFFICE_DIR / "snapshots"
MAILBOX_FILE = OFFICE_DIR / "relay_mailbox.jsonl"
ACKS_FILE = OFFICE_DIR / "relay_acks.jsonl"
CHAIN_FILE = OFFICE_DIR / "relay_chain.jsonl"
SEQ_FILE = OFFICE_DIR / "relay_seq.txt"
INCIDENTS_FILE = OFFICE_DIR / "relay_incidents.jsonl"

# Argos-specific state
ARGOS_STATE_DIR = OFFICE_DIR / "argos"
ARGOS_STATE_FILE = ARGOS_STATE_DIR / "watcher_state.json"
ARGOS_LOG_FILE = ARGOS_STATE_DIR / "observations.jsonl"
ARGOS_REPORT_DIR = INBOX_DIR  # reports go to inbox for visibility

AGENT_ID = "COWORK"
AGENT_NAME = "Argos"
DEFAULT_RUNPOINT = "rp_rhea_office_v1"
DEFAULT_POLL_INTERVAL = 120  # 2 min for observation
GIT_BRANCH = "feat/chronos-agents-and-bridge"

# Known desks (from OFFICE.md)
KNOWN_DESKS = ["LEAD", "B2", "COWORK", "GPT"]

# Firestore config (shared with rex_pager.py)
FIRESTORE_PROJECT = "rhea-office-sync"
FIRESTORE_BASE = f"https://firestore.googleapis.com/v1/projects/{FIRESTORE_PROJECT}/databases/(default)/documents"


def _now_iso():
    return datetime.now(timezone.utc).isoformat()


def _now_compact():
    return datetime.now(timezone.utc).strftime("%Y%m%dT%H%M%SZ")


# ---------------------------------------------------------------------------
# Shared infrastructure (import from rex_pager or standalone)
# ---------------------------------------------------------------------------

def _try_import_rex_pager():
    """Try to import rex_pager for shared functionality."""
    try:
        sys.path.insert(0, str(OPS_DIR))
        import rex_pager
        return rex_pager
    except ImportError:
        return None


def _next_seq() -> int:
    """Monotonic sequence — shared counter with rex_pager."""
    SEQ_FILE.parent.mkdir(parents=True, exist_ok=True)
    seq = 0
    if SEQ_FILE.exists():
        try:
            seq = int(SEQ_FILE.read_text().strip())
        except ValueError:
            seq = 0
    seq += 1
    SEQ_FILE.write_text(str(seq))
    return seq


def _idempotency_key(source: str, body: str, ts: str) -> str:
    raw = f"{source}:{body}:{ts[:19]}"
    return hashlib.sha256(raw.encode()).hexdigest()[:16]


def _uuidv7_ish() -> str:
    import uuid
    ts_hex = hex(int(time.time() * 1000))[2:]
    rand = uuid.uuid4().hex[:20]
    return f"{ts_hex}-{rand}"


# ---------------------------------------------------------------------------
# Watcher State (persistent across restarts)
# ---------------------------------------------------------------------------

def _load_state() -> dict:
    """Load Argos watcher state."""
    ARGOS_STATE_DIR.mkdir(parents=True, exist_ok=True)
    if ARGOS_STATE_FILE.exists():
        try:
            return json.loads(ARGOS_STATE_FILE.read_text())
        except (json.JSONDecodeError, ValueError):
            pass
    return {
        "last_git_sha": "",
        "last_git_check": "",
        "last_inbox_scan": "",
        "last_mailbox_seq": 0,
        "last_heartbeat": "",
        "observations_count": 0,
        "alerts_sent": 0,
        "boot_count": 0,
        "created_at": _now_iso(),
    }


def _save_state(state: dict):
    """Atomic save: write tmp → rename."""
    ARGOS_STATE_DIR.mkdir(parents=True, exist_ok=True)
    tmp = ARGOS_STATE_FILE.with_suffix(".tmp")
    tmp.write_text(json.dumps(state, indent=2))
    tmp.rename(ARGOS_STATE_FILE)


def _log_observation(obs_type: str, data: dict):
    """Append to observations log (tamper-evident JSONL)."""
    ARGOS_STATE_DIR.mkdir(parents=True, exist_ok=True)
    entry = {
        "timestamp": _now_iso(),
        "observer": AGENT_NAME,
        "type": obs_type,
        "data": data,
    }
    with open(ARGOS_LOG_FILE, "a") as f:
        f.write(json.dumps(entry) + "\n")


# ---------------------------------------------------------------------------
# Git Monitoring
# ---------------------------------------------------------------------------

def git_pull() -> tuple[bool, str]:
    """Pull latest from remote. Returns (changed, output)."""
    try:
        result = subprocess.run(
            ["git", "pull", "--rebase", "origin", GIT_BRANCH],
            capture_output=True, text=True, cwd=str(PROJECT_ROOT), timeout=30,
        )
        output = result.stdout.strip() + "\n" + result.stderr.strip()
        changed = "Already up to date" not in output
        return changed, output.strip()
    except subprocess.TimeoutExpired:
        return False, "git pull timed out"
    except Exception as e:
        return False, f"git pull failed: {e}"


def git_log_since(sha: str, limit: int = 20) -> list[dict]:
    """Get commits since given SHA."""
    try:
        if sha:
            cmd = ["git", "log", f"{sha}..HEAD", f"--max-count={limit}",
                   "--format=%H|%an|%ae|%ai|%s"]
        else:
            cmd = ["git", "log", f"--max-count={limit}",
                   "--format=%H|%an|%ae|%ai|%s"]
        result = subprocess.run(
            cmd, capture_output=True, text=True, cwd=str(PROJECT_ROOT), timeout=10
        )
        commits = []
        for line in result.stdout.strip().split("\n"):
            if not line.strip():
                continue
            parts = line.split("|", 4)
            if len(parts) >= 5:
                commits.append({
                    "sha": parts[0][:8],
