=== ARGOS CHAIN + FIRESTORE IMPL 2026-02-19T09:26:51Z ===
8c43532135c49135981657cc15254aaeed2f7f82
        f"**Envelope ID:** {envelope['id']}\n"
        f"**Seq:** {envelope['seq']}\n"
        f"**Priority:** {priority}\n"
        f"**Type:** msg.send\n"
        f"**TTL:** 86400s\n"
        f"**Idempotency Key:** {envelope['idempotency_key']}\n"
        f"**Time:** {ts}\n\n"
        f"{body}\n"
    )

    # 3. Firestore (best-effort)
    _write_firestore(envelope)

    # Audit chain
    _chain_append("relay.enqueue", AGENT_ID,
                  {"msg_id": envelope["id"], "seq": envelope["seq"], "target": target})

    print(f"[argos] Alert sent: seq={envelope['seq']} {AGENT_ID}→{target} ({priority})")
    return envelope


def _write_firestore(envelope: dict):
    """Write to Firestore (best-effort, same as rex_pager)."""
    try:
        creds_path = os.environ.get("GOOGLE_APPLICATION_CREDENTIALS", "")
        if not creds_path:
            return
        from google.auth.transport.requests import Request
        from google.oauth2 import service_account
        creds = service_account.Credentials.from_service_account_file(
            creds_path, scopes=["https://www.googleapis.com/auth/datastore"]
        )
        creds.refresh(Request())
        url = (
            f"{FIRESTORE_BASE}/runpoints/{envelope['runpoint_id']}"
            f"/mailbox/{envelope['target']}/messages/{envelope['id']}"
        )
        fields = {}
        for k, v in envelope.items():
            if k == "payload":
                fields[k] = {"stringValue": json.dumps(v)}
            elif isinstance(v, int):
                fields[k] = {"integerValue": str(v)}
            elif isinstance(v, bool):
                fields[k] = {"booleanValue": v}
            else:
                fields[k] = {"stringValue": str(v)}
        data = json.dumps({"fields": fields}).encode()
        import urllib.request
        req = urllib.request.Request(
            url, data=data, method="PATCH",
            headers={"Content-Type": "application/json", "Authorization": f"Bearer {creds.token}"}
        )
        urllib.request.urlopen(req, timeout=10)
    except Exception as e:
        print(f"  [firestore] write failed (non-fatal): {e}")


def _chain_append(event_type: str, actor: str, payload: dict) -> dict:
    """Append to hash-chained audit log (shared with rex_pager)."""
    def _canonical_json(obj):
        return json.dumps(obj, sort_keys=True, separators=(",", ":"))

    prev_hash = "0" * 64
    if CHAIN_FILE.exists():
        last_line = ""
        for line in CHAIN_FILE.read_text().strip().split("\n"):
            if line.strip():
                last_line = line
        if last_line:
            try:
                prev_hash = json.loads(last_line).get("event_hash", "0" * 64)
            except json.JSONDecodeError:
                pass

    entry = {
        "timestamp": _now_iso(),
        "event_type": event_type,
        "actor": actor,
        "payload": payload,
        "prev_hash": prev_hash,
    }
    canonical = _canonical_json(entry)
    entry["event_hash"] = hashlib.sha256(canonical.encode()).hexdigest()

    CHAIN_FILE.parent.mkdir(parents=True, exist_ok=True)
    with open(CHAIN_FILE, "a") as f:
        f.write(json.dumps(entry) + "\n")
    return entry


# ---------------------------------------------------------------------------
# Heartbeat
# ---------------------------------------------------------------------------

def heartbeat():
    """Update COWORK desk heartbeat (lease + Firestore + chain)."""
    # Local lease
    LEASES_DIR.mkdir(parents=True, exist_ok=True)
    lease_file = LEASES_DIR / f"{AGENT_ID}.json"
    prev_token = 0
    if lease_file.exists():
        try:
            prev = json.loads(lease_file.read_text())
            prev_token = prev.get("lease_token", 0)
        except (json.JSONDecodeError, ValueError):
            pass

    now = _now_iso()
    expires = (datetime.now(timezone.utc) + timedelta(seconds=600)).isoformat()
    lease = {
        "agent": AGENT_ID,
        "desk_name": AGENT_NAME,
        "lease_token": prev_token + 1,
        "acquired_at": now,
        "renewed_at": now,
        "expires_at": expires,
        "ttl_s": 600,
        "prev_token": prev_token,
    }
    lease_file.write_text(json.dumps(lease, indent=2))

    # Firestore heartbeat
    try:
        creds_path = os.environ.get("GOOGLE_APPLICATION_CREDENTIALS", "")
        if creds_path:
            from google.auth.transport.requests import Request
            from google.oauth2 import service_account
            creds = service_account.Credentials.from_service_account_file(
                creds_path, scopes=["https://www.googleapis.com/auth/datastore"]
            )
            creds.refresh(Request())
            import urllib.request
            url = f"{FIRESTORE_BASE}/agents/{AGENT_ID}"
            fields = {
                "desk": {"stringValue": AGENT_ID},
                "desk_name": {"stringValue": AGENT_NAME},
                "status": {"stringValue": "ALIVE"},
                "last_seen": {"stringValue": now},
                "lease_token": {"integerValue": str(lease["lease_token"])},
                "role": {"stringValue": "observer"},
            }
            data = json.dumps({"fields": fields}).encode()
            req = urllib.request.Request(
                url, data=data, method="PATCH",
                headers={"Content-Type": "application/json", "Authorization": f"Bearer {creds.token}"}
            )
            urllib.request.urlopen(req, timeout=10)
            print(f"[argos] Heartbeat: ALIVE (Firestore updated)")
    except Exception as e:
        print(f"[argos] Heartbeat: ALIVE (Firestore failed: {e})")

    _chain_append("heartbeat", AGENT_ID, {"lease_token": lease["lease_token"], "status": "ALIVE"})

    state = _load_state()
    state["last_heartbeat"] = now
    _save_state(state)

    print(f"[argos] Heartbeat: lease_token={lease['lease_token']}")
    return lease


# ---------------------------------------------------------------------------
# Boot Protocol (COWORK-specific)
# ---------------------------------------------------------------------------

def boot():
    """Full COWORK boot protocol, compatible with QWRR section 8."""
    print("=" * 60)
    print(f"  ARGOS BOOT PROTOCOL — {AGENT_NAME} ({AGENT_ID})")
    print("=" * 60)

    state = _load_state()
    state["boot_count"] = state.get("boot_count", 0) + 1

    # Step 1: Git pull
    print(f"\n[1/5] Git sync...")
    changed, output = git_pull()
    current_sha = git_current_sha()
    print(f"  HEAD: {current_sha[:8]}")
    if changed:
        print(f"  Changes pulled: {output[:200]}")

    # Step 2: Heartbeat (acquires lease)
    print(f"\n[2/5] Heartbeat + lease...")
    lease = heartbeat()

    # Step 3: Drain COWORK inbox
    print(f"\n[3/5] Checking relay inbox...")
    pending = scan_mailbox_for_cowork()
    if pending:
