=== STOP DEPLOY PATHS 2026-02-19T09:13:59Z ===
8c43532135c49135981657cc15254aaeed2f7f82
ops/ARGOS_DEPLOY.md:47:### Option 3: systemd service (production)
ops/ARGOS_DEPLOY.md:50:# /etc/systemd/system/rhea-agent@COWORK.service
ops/ARGOS_DEPLOY.md:59:ExecStartPre=/bin/bash -lc 'test ! -f ./STOP'
ops/ARGOS_DEPLOY.md:76:sudo systemctl enable --now rhea-agent@COWORK.service
ops/ARGOS_DEPLOY.md:77:sudo journalctl -u rhea-agent@COWORK.service -f
ops/BACKLOG.md:46:- **RHEA-IOS-001** | ARCHITECTURE_FREEZE.md | Desk: LEAD
ops/BACKLOG.md:47:  Output: ARCHITECTURE_FREEZE.md at repo root
ops/com.rhea.rex-pager-wake.plist:2:<!DOCTYPE plist PUBLIC "-//Apple//DTD PLIST 1.0//EN" "http://www.apple.com/DTDs/PropertyList-1.0.dtd">
ops/com.rhea.rex-pager-wake.plist:3:<plist version="1.0">
ops/com.rhea.rex-pager-wake.plist:28:</plist>
ops/outbox/BLOCK_LEADERS.md:16:- RHEA-IOS-001 🔲 — ARCHITECTURE_FREEZE.md
ops/outbox/BLOCK_WORKERS.md:6:- RHEA-IOS-001 🔲 — ARCHITECTURE_FREEZE.md
ops/virtual-office/GEMS.md:74:**Used by:** Rhea core thesis, ARCHITECTURE_FREEZE.md
ops/virtual-office/inbox/B2_20260216_memory_dump_v1.md:39:| RHEA-IOS-001 | ARCHITECTURE_FREEZE.md | DONE |
ops/virtual-office/inbox/B2_20260216_memory_dump_v1.md:88:- Architecture: `ARCHITECTURE_FREEZE.md`
ops/virtual-office/inbox/RELAY_20260217_173130_COWORK_to_B2.md:10:argos_pager.py deployed (commit 71ba10c, 680 lines). COWORK desk now has: watch, scan, inbox, status, report, alert, heartbeat, boot. Compatible with your QWRR infrastructure. Watchtower shows all desks. Ready for deployment on host — need cron or systemd setup. See ops/ARGOS_DEPLOY.md.
ops/virtual-office/outbox/TO_SONNET_P0_capsule-boot.md:22:    "stop_path": "./STOP",
ops/virtual-office/relay_mailbox.jsonl:6:{"id": "19c6ca83993-311cd5460d3141e7945f", "runpoint_id": "rp_rhea_office_v1", "seq": 50, "type": "msg.send", "timestamp": "2026-02-17T17:31:30.057031+00:00", "source": "COWORK", "target": "B2", "version": 1, "idempotency_key": "c2ef90271061b50f", "ttl_s": 86400, "lease_token_required": 0, "priority": "P1", "payload": {"body": "argos_pager.py deployed (commit 71ba10c, 680 lines). COWORK desk now has: watch, scan, inbox, status, report, alert, heartbeat, boot. Compatible with your QWRR infrastructure. Watchtower shows all desks. Ready for deployment on host \u2014 need cron or systemd setup. See ops/ARGOS_DEPLOY.md.", "priority": "P1"}, "status": "pending"}
total 264
drwxr-xr-x  13 sa  staff    416 Feb 19 01:39 .
drwxr-xr-x  69 sa  staff   2208 Feb 19 09:21 ..
-rw-r--r--@  1 sa  staff   6148 Feb 19 01:39 .DS_Store
-rw-r--r--   1 sa  staff   3694 Feb 17 20:38 ARGOS_DEPLOY.md
-rw-r--r--   1 sa  staff   6129 Feb 17 18:28 BACKLOG.md
-rw-r--r--   1 sa  staff  37294 Feb 17 20:38 argos_pager.py
-rwxr-xr-x   1 sa  staff   8790 Feb 16 23:00 bridge-probe.sh
-rw-r--r--   1 sa  staff    839 Feb 17 14:20 com.rhea.rex-pager-wake.plist
drwxr-xr-x   5 sa  staff    160 Feb 16 23:22 outbox
-rw-r--r--   1 sa  staff  43170 Feb 17 18:42 rex_pager.py
-rw-r--r--   1 sa  staff  11740 Feb 17 12:40 rhea_firebase.py
drwxr-xr-x   9 sa  staff    288 Feb 17 18:49 sandbox
drwxr-xr-x  28 sa  staff    896 Feb 19 01:39 virtual-office
